---
source: crates/atom/src/uri/tests/mod.rs
assertion_line: 41
expression: results
---
- url:
    scheme: ~
    user: ~
    pass: ~
    frag: "gl:repo"
  atom:
    label: atom
    version: ^2.0
- url:
    scheme: ~
    user: ~
    pass: ~
    frag: gl
  atom:
    label: atom
    version: ^2.1
- url:
    scheme: ~
    user: ~
    pass: ~
    frag: "gl:path.with/dot"
  atom:
    label: my-atom
    version: ^2
- url:
    scheme: ~
    user: git
    pass: ~
    frag: "github.com:owner/repo"
  atom:
    label: this-atom
    version: ^1
- url:
    scheme: ~
    user: git
    pass: ~
    frag: "gh:owner/repo"
  atom:
    label: this-atom
    version: ^1
- url:
    scheme: https
    user: ~
    pass: ~
    frag: "example.com:8080/owner/repo"
  atom:
    label: foo
    version: ^1
- url:
    scheme: https
    user: ~
    pass: ~
    frag: foo.com/owner/repo
  atom:
    label: bar
    version: ^1
- url:
    scheme: https
    user: ~
    pass: ~
    frag: "gh:owner/repo"
  atom:
    label: λ
    version: ^1
- url:
    scheme: ~
    user: ~
    pass: ~
    frag: "gh:owner/repo"
  atom:
    label: λ
    version: ^1
- url:
    scheme: ~
    user: git
    pass: ~
    frag: "gh:owner/repo"
  atom:
    label: λ
    version: ^1
- url:
    scheme: ~
    user: ~
    pass: ~
    frag: pkgs
  atom:
    label: zlib
    version: ^1
- url:
    scheme: ~
    user: ~
    pass: ~
    frag: "pkgs:foo/bar"
  atom:
    label: baz
    version: ~
- url:
    scheme: https
    user: user
    pass: password
    frag: example.com/my/repo
  atom:
    label: id
    version: ^0.2
- url:
    scheme: ~
    user: user
    pass: password
    frag: example.com/my/repo
  atom:
    label: id
    version: ^0.2
- url:
    scheme: ~
    user: user
    pass: ~
    frag: example.com/my/repo
  atom:
    label: id
    version: ^0.2
- url:
    scheme: ~
    user: ~
    pass: ~
    frag: "gh:owner/repo"
  atom:
    label: yep
    version: ^1
- url:
    scheme: ~
    user: ~
    pass: ~
    frag: bb
  atom:
    label: yep
    version: ^1
- url:
    scheme: ~
    user: ~
    pass: ~
    frag: foo/bar/baz
  atom:
    label: my-atom
    version: ~
- url:
    scheme: ~
    user: ~
    pass: ~
    frag: /foo/bar/baz
  atom:
    label: my-atom
    version: ~
- url:
    scheme: ~
    user: ~
    pass: ~
    frag: "my.ssh.com:my/repo"
  atom:
    label: hello
    version: ~
- url:
    scheme: ~
    user: ~
    pass: ~
    frag: ~
  atom:
    label: foo
    version: ^0.8
- url:
    scheme: ~
    user: ~
    pass: ~
    frag: ~
  atom:
    label: foo
    version: ~
- url:
    scheme: ~
    user: ~
    pass: ~
    frag: ~
  atom:
    label: foo
    version: ~
