---
source: crates/atom/src/uri/tests/mod.rs
assertion_line: 69
expression: results?
---
[
    Uri {
        url: Some(
            Url {
                scheme: Https,
                user: None,
                password: None,
                host: Some(
                    "gitlab.com",
                ),
                serialize_alternative_form: false,
                port: None,
                path: "/repo",
            },
        ),
        label: Label(
            "atom",
        ),
        version: Some(
            VersionReq {
                comparators: [
                    Comparator {
                        op: Caret,
                        major: 2,
                        minor: Some(
                            0,
                        ),
                        patch: None,
                        pre: Prerelease(""),
                    },
                ],
            },
        ),
    },
    Uri {
        url: Some(
            Url {
                scheme: Https,
                user: None,
                password: None,
                host: Some(
                    "gitlab.com",
                ),
                serialize_alternative_form: false,
                port: None,
                path: "/",
            },
        ),
        label: Label(
            "atom",
        ),
        version: Some(
            VersionReq {
                comparators: [
                    Comparator {
                        op: Caret,
                        major: 2,
                        minor: Some(
                            1,
                        ),
                        patch: None,
                        pre: Prerelease(""),
                    },
                ],
            },
        ),
    },
    Uri {
        url: Some(
            Url {
                scheme: Https,
                user: None,
                password: None,
                host: Some(
                    "gitlab.com",
                ),
                serialize_alternative_form: false,
                port: None,
                path: "/path.with/dot",
            },
        ),
        label: Label(
            "my-atom",
        ),
        version: Some(
            VersionReq {
                comparators: [
                    Comparator {
                        op: Caret,
                        major: 2,
                        minor: None,
                        patch: None,
                        pre: Prerelease(""),
                    },
                ],
            },
        ),
    },
    Uri {
        url: Some(
            Url {
                scheme: Ssh,
                user: Some(
                    "git",
                ),
                password: None,
                host: Some(
                    "github.com",
                ),
                serialize_alternative_form: false,
                port: None,
                path: "/owner/repo",
            },
        ),
        label: Label(
            "this-atom",
        ),
        version: Some(
            VersionReq {
                comparators: [
                    Comparator {
                        op: Caret,
                        major: 1,
                        minor: None,
                        patch: None,
                        pre: Prerelease(""),
                    },
                ],
            },
        ),
    },
    Uri {
        url: Some(
            Url {
                scheme: Ssh,
                user: Some(
                    "git",
                ),
                password: None,
                host: Some(
                    "github.com",
                ),
                serialize_alternative_form: false,
                port: None,
                path: "/owner/repo",
            },
        ),
        label: Label(
            "this-atom",
        ),
        version: Some(
            VersionReq {
                comparators: [
                    Comparator {
                        op: Caret,
                        major: 1,
                        minor: None,
                        patch: None,
                        pre: Prerelease(""),
                    },
                ],
            },
        ),
    },
    Uri {
        url: Some(
            Url {
                scheme: Https,
                user: None,
                password: None,
                host: Some(
                    "example.com",
                ),
                serialize_alternative_form: false,
                port: Some(
                    8080,
                ),
                path: "/owner/repo",
            },
        ),
        label: Label(
            "foo",
        ),
        version: Some(
            VersionReq {
                comparators: [
                    Comparator {
                        op: Caret,
                        major: 1,
                        minor: None,
                        patch: None,
                        pre: Prerelease(""),
                    },
                ],
            },
        ),
    },
    Uri {
        url: Some(
            Url {
                scheme: Https,
                user: None,
                password: None,
                host: Some(
                    "foo.com",
                ),
                serialize_alternative_form: false,
                port: None,
                path: "/owner/repo",
            },
        ),
        label: Label(
            "bar",
        ),
        version: Some(
            VersionReq {
                comparators: [
                    Comparator {
                        op: Caret,
                        major: 1,
                        minor: None,
                        patch: None,
                        pre: Prerelease(""),
                    },
                ],
            },
        ),
    },
    Uri {
        url: Some(
            Url {
                scheme: Https,
                user: None,
                password: None,
                host: Some(
                    "github.com",
                ),
                serialize_alternative_form: false,
                port: None,
                path: "/owner/repo",
            },
        ),
        label: Label(
            "λ",
        ),
        version: Some(
            VersionReq {
                comparators: [
                    Comparator {
                        op: Caret,
                        major: 1,
                        minor: None,
                        patch: None,
                        pre: Prerelease(""),
                    },
                ],
            },
        ),
    },
    Uri {
        url: Some(
            Url {
                scheme: Https,
                user: None,
                password: None,
                host: Some(
                    "github.com",
                ),
                serialize_alternative_form: false,
                port: None,
                path: "/owner/repo",
            },
        ),
        label: Label(
            "λ",
        ),
        version: Some(
            VersionReq {
                comparators: [
                    Comparator {
                        op: Caret,
                        major: 1,
                        minor: None,
                        patch: None,
                        pre: Prerelease(""),
                    },
                ],
            },
        ),
    },
    Uri {
        url: Some(
            Url {
                scheme: Ssh,
                user: Some(
                    "git",
                ),
                password: None,
                host: Some(
                    "github.com",
                ),
                serialize_alternative_form: false,
                port: None,
                path: "/owner/repo",
            },
        ),
        label: Label(
            "λ",
        ),
        version: Some(
            VersionReq {
                comparators: [
                    Comparator {
                        op: Caret,
                        major: 1,
                        minor: None,
                        patch: None,
                        pre: Prerelease(""),
                    },
                ],
            },
        ),
    },
    Uri {
        url: Some(
            Url {
                scheme: Https,
                user: None,
                password: None,
                host: Some(
                    "github.com",
                ),
                serialize_alternative_form: false,
                port: None,
                path: "/nixos/nixpkgs",
            },
        ),
        label: Label(
            "zlib",
        ),
        version: Some(
            VersionReq {
                comparators: [
                    Comparator {
                        op: Caret,
                        major: 1,
                        minor: None,
                        patch: None,
                        pre: Prerelease(""),
                    },
                ],
            },
        ),
    },
    Uri {
        url: Some(
            Url {
                scheme: Https,
                user: None,
                password: None,
                host: Some(
                    "github.com",
                ),
                serialize_alternative_form: false,
                port: None,
                path: "/nixos/nixpkgs/foo/bar",
            },
        ),
        label: Label(
            "baz",
        ),
        version: None,
    },
    Uri {
        url: Some(
            Url {
                scheme: Https,
                user: Some(
                    "user",
                ),
                password: Some(
                    "password",
                ),
                host: Some(
                    "example.com",
                ),
                serialize_alternative_form: false,
                port: None,
                path: "/my/repo",
            },
        ),
        label: Label(
            "id",
        ),
        version: Some(
            VersionReq {
                comparators: [
                    Comparator {
                        op: Caret,
                        major: 0,
                        minor: Some(
                            2,
                        ),
                        patch: None,
                        pre: Prerelease(""),
                    },
                ],
            },
        ),
    },
    Uri {
        url: Some(
            Url {
                scheme: Https,
                user: Some(
                    "user",
                ),
                password: Some(
                    "password",
                ),
                host: Some(
                    "example.com",
                ),
                serialize_alternative_form: false,
                port: None,
                path: "/my/repo",
            },
        ),
        label: Label(
            "id",
        ),
        version: Some(
            VersionReq {
                comparators: [
                    Comparator {
                        op: Caret,
                        major: 0,
                        minor: Some(
                            2,
                        ),
                        patch: None,
                        pre: Prerelease(""),
                    },
                ],
            },
        ),
    },
    Uri {
        url: Some(
            Url {
                scheme: Ssh,
                user: Some(
                    "user",
                ),
                password: None,
                host: Some(
                    "example.com",
                ),
                serialize_alternative_form: false,
                port: None,
                path: "/my/repo",
            },
        ),
        label: Label(
            "id",
        ),
        version: Some(
            VersionReq {
                comparators: [
                    Comparator {
                        op: Caret,
                        major: 0,
                        minor: Some(
                            2,
                        ),
                        patch: None,
                        pre: Prerelease(""),
                    },
                ],
            },
        ),
    },
    Uri {
        url: Some(
            Url {
                scheme: Https,
                user: None,
                password: None,
                host: Some(
                    "github.com",
                ),
                serialize_alternative_form: false,
                port: None,
                path: "/owner/repo",
            },
        ),
        label: Label(
            "yep",
        ),
        version: Some(
            VersionReq {
                comparators: [
                    Comparator {
                        op: Caret,
                        major: 1,
                        minor: None,
                        patch: None,
                        pre: Prerelease(""),
                    },
                ],
            },
        ),
    },
    Uri {
        url: Some(
            Url {
                scheme: Https,
                user: None,
                password: None,
                host: Some(
                    "bitbucket.org",
                ),
                serialize_alternative_form: false,
                port: None,
                path: "/",
            },
        ),
        label: Label(
            "yep",
        ),
        version: Some(
            VersionReq {
                comparators: [
                    Comparator {
                        op: Caret,
                        major: 1,
                        minor: None,
                        patch: None,
                        pre: Prerelease(""),
                    },
                ],
            },
        ),
    },
    Uri {
        url: Some(
            Url {
                scheme: File,
                user: None,
                password: None,
                host: None,
                serialize_alternative_form: true,
                port: None,
                path: "foo/bar/baz",
            },
        ),
        label: Label(
            "my-atom",
        ),
        version: None,
    },
    Uri {
        url: Some(
            Url {
                scheme: File,
                user: None,
                password: None,
                host: None,
                serialize_alternative_form: true,
                port: None,
                path: "/foo/bar/baz",
            },
        ),
        label: Label(
            "my-atom",
        ),
        version: None,
    },
    Uri {
        url: Some(
            Url {
                scheme: Ssh,
                user: None,
                password: None,
                host: Some(
                    "my.ssh.com",
                ),
                serialize_alternative_form: false,
                port: None,
                path: "/my/repo",
            },
        ),
        label: Label(
            "hello",
        ),
        version: None,
    },
    Uri {
        url: None,
        label: Label(
            "foo",
        ),
        version: Some(
            VersionReq {
                comparators: [
                    Comparator {
                        op: Caret,
                        major: 0,
                        minor: Some(
                            8,
                        ),
                        patch: None,
                        pre: Prerelease(""),
                    },
                ],
            },
        ),
    },
    Uri {
        url: Some(
            Url {
                scheme: File,
                user: None,
                password: None,
                host: None,
                serialize_alternative_form: true,
                port: None,
                path: "foo",
            },
        ),
        label: Label(
            "foo",
        ),
        version: None,
    },
    Uri {
        url: Some(
            Url {
                scheme: Https,
                user: None,
                password: None,
                host: Some(
                    "foo.com",
                ),
                serialize_alternative_form: false,
                port: None,
                path: "/",
            },
        ),
        label: Label(
            "foo",
        ),
        version: None,
    },
    Uri {
        url: None,
        label: Label(
            "foo",
        ),
        version: None,
    },
]
